Archive member included to satisfy reference by file (symbol)

C:/ST/STM32CubeIDE_1.14.0/STM32CubeIDE/plugins/com.st.stm32cube.ide.mcu.externaltools.gnu-tools-for-stm32.11.3.rel1.win32_1.1.100.202309141235/tools/bin/../lib/gcc/arm-none-eabi/11.3.1/../../../../arm-none-eabi/lib/thumb/v7e-m+fp/hard\libc_nano.a(libc_a-exit.o)
                              C:/ST/STM32CubeIDE_1.14.0/STM32CubeIDE/plugins/com.st.stm32cube.ide.mcu.externaltools.gnu-tools-for-stm32.11.3.rel1.win32_1.1.100.202309141235/tools/bin/../lib/gcc/arm-none-eabi/11.3.1/../../../../arm-none-eabi/lib/thumb/v7e-m+fp/hard/crt0.o (exit)
C:/ST/STM32CubeIDE_1.14.0/STM32CubeIDE/plugins/com.st.stm32cube.ide.mcu.externaltools.gnu-tools-for-stm32.11.3.rel1.win32_1.1.100.202309141235/tools/bin/../lib/gcc/arm-none-eabi/11.3.1/../../../../arm-none-eabi/lib/thumb/v7e-m+fp/hard\libc_nano.a(libc_a-findfp.o)
                              C:/ST/STM32CubeIDE_1.14.0/STM32CubeIDE/plugins/com.st.stm32cube.ide.mcu.externaltools.gnu-tools-for-stm32.11.3.rel1.win32_1.1.100.202309141235/tools/bin/../lib/gcc/arm-none-eabi/11.3.1/../../../../arm-none-eabi/lib/thumb/v7e-m+fp/hard\libc_nano.a(libc_a-exit.o) (__stdio_exit_handler)
C:/ST/STM32CubeIDE_1.14.0/STM32CubeIDE/plugins/com.st.stm32cube.ide.mcu.externaltools.gnu-tools-for-stm32.11.3.rel1.win32_1.1.100.202309141235/tools/bin/../lib/gcc/arm-none-eabi/11.3.1/../../../../arm-none-eabi/lib/thumb/v7e-m+fp/hard\libc_nano.a(libc_a-fwalk.o)
                              C:/ST/STM32CubeIDE_1.14.0/STM32CubeIDE/plugins/com.st.stm32cube.ide.mcu.externaltools.gnu-tools-for-stm32.11.3.rel1.win32_1.1.100.202309141235/tools/bin/../lib/gcc/arm-none-eabi/11.3.1/../../../../arm-none-eabi/lib/thumb/v7e-m+fp/hard\libc_nano.a(libc_a-findfp.o) (_fwalk_sglue)
C:/ST/STM32CubeIDE_1.14.0/STM32CubeIDE/plugins/com.st.stm32cube.ide.mcu.externaltools.gnu-tools-for-stm32.11.3.rel1.win32_1.1.100.202309141235/tools/bin/../lib/gcc/arm-none-eabi/11.3.1/../../../../arm-none-eabi/lib/thumb/v7e-m+fp/hard\libc_nano.a(libc_a-stdio.o)
                              C:/ST/STM32CubeIDE_1.14.0/STM32CubeIDE/plugins/com.st.stm32cube.ide.mcu.externaltools.gnu-tools-for-stm32.11.3.rel1.win32_1.1.100.202309141235/tools/bin/../lib/gcc/arm-none-eabi/11.3.1/../../../../arm-none-eabi/lib/thumb/v7e-m+fp/hard\libc_nano.a(libc_a-findfp.o) (__sread)
C:/ST/STM32CubeIDE_1.14.0/STM32CubeIDE/plugins/com.st.stm32cube.ide.mcu.externaltools.gnu-tools-for-stm32.11.3.rel1.win32_1.1.100.202309141235/tools/bin/../lib/gcc/arm-none-eabi/11.3.1/../../../../arm-none-eabi/lib/thumb/v7e-m+fp/hard\libc_nano.a(libc_a-memset.o)
                              C:/ST/STM32CubeIDE_1.14.0/STM32CubeIDE/plugins/com.st.stm32cube.ide.mcu.externaltools.gnu-tools-for-stm32.11.3.rel1.win32_1.1.100.202309141235/tools/bin/../lib/gcc/arm-none-eabi/11.3.1/../../../../arm-none-eabi/lib/thumb/v7e-m+fp/hard/crt0.o (memset)
C:/ST/STM32CubeIDE_1.14.0/STM32CubeIDE/plugins/com.st.stm32cube.ide.mcu.externaltools.gnu-tools-for-stm32.11.3.rel1.win32_1.1.100.202309141235/tools/bin/../lib/gcc/arm-none-eabi/11.3.1/../../../../arm-none-eabi/lib/thumb/v7e-m+fp/hard\libc_nano.a(libc_a-closer.o)
                              C:/ST/STM32CubeIDE_1.14.0/STM32CubeIDE/plugins/com.st.stm32cube.ide.mcu.externaltools.gnu-tools-for-stm32.11.3.rel1.win32_1.1.100.202309141235/tools/bin/../lib/gcc/arm-none-eabi/11.3.1/../../../../arm-none-eabi/lib/thumb/v7e-m+fp/hard\libc_nano.a(libc_a-stdio.o) (_close_r)
C:/ST/STM32CubeIDE_1.14.0/STM32CubeIDE/plugins/com.st.stm32cube.ide.mcu.externaltools.gnu-tools-for-stm32.11.3.rel1.win32_1.1.100.202309141235/tools/bin/../lib/gcc/arm-none-eabi/11.3.1/../../../../arm-none-eabi/lib/thumb/v7e-m+fp/hard\libc_nano.a(libc_a-reent.o)
                              C:/ST/STM32CubeIDE_1.14.0/STM32CubeIDE/plugins/com.st.stm32cube.ide.mcu.externaltools.gnu-tools-for-stm32.11.3.rel1.win32_1.1.100.202309141235/tools/bin/../lib/gcc/arm-none-eabi/11.3.1/../../../../arm-none-eabi/lib/thumb/v7e-m+fp/hard\libc_nano.a(libc_a-closer.o) (errno)
C:/ST/STM32CubeIDE_1.14.0/STM32CubeIDE/plugins/com.st.stm32cube.ide.mcu.externaltools.gnu-tools-for-stm32.11.3.rel1.win32_1.1.100.202309141235/tools/bin/../lib/gcc/arm-none-eabi/11.3.1/../../../../arm-none-eabi/lib/thumb/v7e-m+fp/hard\libc_nano.a(libc_a-impure.o)
                              C:/ST/STM32CubeIDE_1.14.0/STM32CubeIDE/plugins/com.st.stm32cube.ide.mcu.externaltools.gnu-tools-for-stm32.11.3.rel1.win32_1.1.100.202309141235/tools/bin/../lib/gcc/arm-none-eabi/11.3.1/../../../../arm-none-eabi/lib/thumb/v7e-m+fp/hard\libc_nano.a(libc_a-reent.o) (_impure_ptr)
C:/ST/STM32CubeIDE_1.14.0/STM32CubeIDE/plugins/com.st.stm32cube.ide.mcu.externaltools.gnu-tools-for-stm32.11.3.rel1.win32_1.1.100.202309141235/tools/bin/../lib/gcc/arm-none-eabi/11.3.1/../../../../arm-none-eabi/lib/thumb/v7e-m+fp/hard\libc_nano.a(libc_a-lseekr.o)
[...]
Memory Configuration

Name             Origin             Length             Attributes
RAM              0x0000000020000000 0x0000000000010000 xrw
FLASH            0x0000000008000000 0x0000000000040000 xr
*default*        0x0000000000000000 0xffffffffffffffff

Linker script and memory map

LOAD C:/ST/STM32CubeIDE_1.14.0/STM32CubeIDE/plugins/com.st.stm32cube.ide.mcu.externaltools.gnu-tools-for-stm32.11.3.rel1.win32_1.1.100.202309141235/tools/bin/../lib/gcc/arm-none-eabi/11.3.1/thumb/v7e-m+fp/hard/crti.o
LOAD C:/ST/STM32CubeIDE_1.14.0/STM32CubeIDE/plugins/com.st.stm32cube.ide.mcu.externaltools.gnu-tools-for-stm32.11.3.rel1.win32_1.1.100.202309141235/tools/bin/../lib/gcc/arm-none-eabi/11.3.1/thumb/v7e-m+fp/hard/crtbegin.o
LOAD C:/ST/STM32CubeIDE_1.14.0/STM32CubeIDE/plugins/com.st.stm32cube.ide.mcu.externaltools.gnu-tools-for-stm32.11.3.rel1.win32_1.1.100.202309141235/tools/bin/../lib/gcc/arm-none-eabi/11.3.1/../../../../arm-none-eabi/lib/thumb/v7e-m+fp/hard/crt0.o
LOAD ./Src/GC9A01.o
LOAD ./Src/main.o
LOAD ./Src/syscalls.o
LOAD ./Src/sysmem.o
LOAD ./Src/trident_fpu_f4.o
LOAD ./Src/trident_gpio_f4.o
LOAD ./Src/trident_spi_f4.o
LOAD ./Src/trident_timebase.o
LOAD ./Src/trident_uart_f4.o
LOAD ./Startup/startup_stm32f401ccux.o
START GROUP
LOAD C:/ST/STM32CubeIDE_1.14.0/STM32CubeIDE/plugins/com.st.stm32cube.ide.mcu.externaltools.gnu-tools-for-stm32.11.3.rel1.win32_1.1.100.202309141235/tools/bin/../lib/gcc/arm-none-eabi/11.3.1/../../../../arm-none-eabi/lib/thumb/v7e-m+fp/hard\libc_nano.a
LOAD C:/ST/STM32CubeIDE_1.14.0/STM32CubeIDE/plugins/com.st.stm32cube.ide.mcu.externaltools.gnu-tools-for-stm32.11.3.rel1.win32_1.1.100.202309141235/tools/bin/../lib/gcc/arm-none-eabi/11.3.1/../../../../arm-none-eabi/lib/thumb/v7e-m+fp/hard\libm.a
END GROUP
START GROUP
LOAD C:/ST/STM32CubeIDE_1.14.0/STM32CubeIDE/plugins/com.st.stm32cube.ide.mcu.externaltools.gnu-tools-for-stm32.11.3.rel1.win32_1.1.100.202309141235/tools/bin/../lib/gcc/arm-none-eabi/11.3.1/thumb/v7e-m+fp/hard\libgcc.a
LOAD C:/ST/STM32CubeIDE_1.14.0/STM32CubeIDE/plugins/com.st.stm32cube.ide.mcu.externaltools.gnu-tools-for-stm32.11.3.rel1.win32_1.1.100.202309141235/tools/bin/../lib/gcc/arm-none-eabi/11.3.1/../../../../arm-none-eabi/lib/thumb/v7e-m+fp/hard\libc_nano.a
END GROUP
START GROUP
LOAD C:/ST/STM32CubeIDE_1.14.0/STM32CubeIDE/plugins/com.st.stm32cube.ide.mcu.externaltools.gnu-tools-for-stm32.11.3.rel1.win32_1.1.100.202309141235/tools/bin/../lib/gcc/arm-none-eabi/11.3.1/thumb/v7e-m+fp/hard\libgcc.a
LOAD C:/ST/STM32CubeIDE_1.14.0/STM32CubeIDE/plugins/com.st.stm32cube.ide.mcu.externaltools.gnu-tools-for-stm32.11.3.rel1.win32_1.1.100.202309141235/tools/bin/../lib/gcc/arm-none-eabi/11.3.1/../../../../arm-none-eabi/lib/thumb/v7e-m+fp/hard\libc_nano.a
LOAD C:/ST/STM32CubeIDE_1.14.0/STM32CubeIDE/plugins/com.st.stm32cube.ide.mcu.externaltools.gnu-tools-for-stm32.11.3.rel1.win32_1.1.100.202309141235/tools/bin/../lib/gcc/arm-none-eabi/11.3.1/../../../../arm-none-eabi/lib/thumb/v7e-m+fp/hard\libnosys.a
END GROUP
START GROUP
LOAD C:/ST/STM32CubeIDE_1.14.0/STM32CubeIDE/plugins/com.st.stm32cube.ide.mcu.externaltools.gnu-tools-for-stm32.11.3.rel1.win32_1.1.100.202309141235/tools/bin/../lib/gcc/arm-none-eabi/11.3.1/thumb/v7e-m+fp/hard\libgcc.a
LOAD C:/ST/STM32CubeIDE_1.14.0/STM32CubeIDE/plugins/com.st.stm32cube.ide.mcu.externaltools.gnu-tools-for-stm32.11.3.rel1.win32_1.1.100.202309141235/tools/bin/../lib/gcc/arm-none-eabi/11.3.1/../../../../arm-none-eabi/lib/thumb/v7e-m+fp/hard\libc_nano.a
LOAD C:/ST/STM32CubeIDE_1.14.0/STM32CubeIDE/plugins/com.st.stm32cube.ide.mcu.externaltools.gnu-tools-for-stm32.11.3.rel1.win32_1.1.100.202309141235/tools/bin/../lib/gcc/arm-none-eabi/11.3.1/../../../../arm-none-eabi/lib/thumb/v7e-m+fp/hard\libnosys.a
END GROUP
LOAD C:/ST/STM32CubeIDE_1.14.0/STM32CubeIDE/plugins/com.st.stm32cube.ide.mcu.externaltools.gnu-tools-for-stm32.11.3.rel1.win32_1.1.100.202309141235/tools/bin/../lib/gcc/arm-none-eabi/11.3.1/thumb/v7e-m+fp/hard/crtend.o
LOAD C:/ST/STM32CubeIDE_1.14.0/STM32CubeIDE/plugins/com.st.stm32cube.ide.mcu.externaltools.gnu-tools-for-stm32.11.3.rel1.win32_1.1.100.202309141235/tools/bin/../lib/gcc/arm-none-eabi/11.3.1/thumb/v7e-m+fp/hard/crtn.o
                0x0000000020010000                _estack = (ORIGIN (RAM) + LENGTH (RAM))
                0x0000000000000200                _Min_Heap_Size = 0x200
                0x0000000000000400                _Min_Stack_Size = 0x400

.isr_vector     0x0000000008000000      0x194
                0x0000000008000000                . = ALIGN (0x4)
 *(.isr_vector)
 .isr_vector    0x0000000008000000      0x194 ./Startup/startup_stm32f401ccux.o
                0x0000000008000000                g_pfnVectors
                0x0000000008000194                . = ALIGN (0x4)

.text           0x0000000008000198     0x2b50
                0x0000000008000198                . = ALIGN (0x4)
 *(.text)
 .text          0x0000000008000198       0x40 C:/ST/STM32CubeIDE_1.14.0/STM32CubeIDE/plugins/com.st.stm32cube.ide.mcu.externaltools.gnu-tools-for-stm32.11.3.rel1.win32_1.1.100.202309141235/tools/bin/../lib/gcc/arm-none-eabi/11.3.1/thumb/v7e-m+fp/hard/crtbegin.o
 .text          0x00000000080001d8      0x254 C:/ST/STM32CubeIDE_1.14.0/STM32CubeIDE/plugins/com.st.stm32cube.ide.mcu.externaltools.gnu-tools-for-stm32.11.3.rel1.win32_1.1.100.202309141235/tools/bin/../lib/gcc/arm-none-eabi/11.3.1/thumb/v7e-m+fp/hard\libgcc.a(_arm_muldf3.o)
                0x00000000080001d8                __muldf3
                0x00000000080001d8                __aeabi_dmul
 .text          0x000000000800042c      0x378 C:/ST/STM32CubeIDE_1.14.0/STM32CubeIDE/plugins/com.st.stm32cube.ide.mcu.externaltools.gnu-tools-for-stm32.11.3.rel1.win32_1.1.100.202309141235/tools/bin/../lib/gcc/arm-none-eabi/11.3.1/thumb/v7e-m+fp/hard\libgcc.a(_arm_addsubdf3.o)
                0x000000000800042c                __aeabi_drsub
                0x0000000008000434                __aeabi_dsub
                0x0000000008000434                __subdf3
                0x0000000008000438                __aeabi_dadd
                0x0000000008000438                __adddf3
                0x00000000080006b0                __floatunsidf
                0x00000000080006b0                __aeabi_ui2d
                0x00000000080006d0                __floatsidf
                0x00000000080006d0                __aeabi_i2d
                0x00000000080006f4                __aeabi_f2d
                0x00000000080006f4                __extendsfdf2
                0x0000000008000738                __floatundidf
                0x0000000008000738                __aeabi_ul2d
                0x0000000008000748                __floatdidf
                0x0000000008000748                __aeabi_l2d
 .text          0x00000000080007a4      0x110 C:/ST/STM32CubeIDE_1.14.0/STM32CubeIDE/plugins/com.st.stm32cube.ide.mcu.externaltools.gnu-tools-for-stm32.11.3.rel1.win32_1.1.100.202309141235/tools/bin/../lib/gcc/arm-none-eabi/11.3.1/thumb/v7e-m+fp/hard\libgcc.a(_arm_cmpdf2.o)
                0x00000000080007a4                __gtdf2
                0x00000000080007a4                __gedf2
                0x00000000080007ac                __ltdf2
                0x00000000080007ac                __ledf2
                0x00000000080007b4                __nedf2
                0x00000000080007b4                __eqdf2
                0x00000000080007b4                __cmpdf2
                0x0000000008000830                __aeabi_cdrcmple
                0x0000000008000840                __aeabi_cdcmpeq
                0x0000000008000840                __aeabi_cdcmple
                0x0000000008000850                __aeabi_dcmpeq
                0x0000000008000864                __aeabi_dcmplt
                0x0000000008000878                __aeabi_dcmple
                0x000000000800088c                __aeabi_dcmpge
                0x00000000080008a0                __aeabi_dcmpgt
 .text          0x00000000080008b4       0x50 C:/ST/STM32CubeIDE_1.14.0/STM32CubeIDE/plugins/com.st.stm32cube.ide.mcu.externaltools.gnu-tools-for-stm32.11.3.rel1.win32_1.1.100.202309141235/tools/bin/../lib/gcc/arm-none-eabi/11.3.1/thumb/v7e-m+fp/hard\libgcc.a(_arm_fixdfsi.o)
                0x00000000080008b4                __aeabi_d2iz
                0x00000000080008b4                __fixdfsi
 .text          0x0000000008000904       0x40 C:/ST/STM32CubeIDE_1.14.0/STM32CubeIDE/plugins/com.st.stm32cube.ide.mcu.externaltools.gnu-tools-for-stm32.11.3.rel1.win32_1.1.100.202309141235/tools/bin/../lib/gcc/arm-none-eabi/11.3.1/thumb/v7e-m+fp/hard\libgcc.a(_arm_fixunsdfsi.o)
                0x0000000008000904                __aeabi_d2uiz
                0x0000000008000904                __fixunsdfsi
 *(.text*)
 .text.GC9A01_spi_tx
                0x0000000008000944       0x24 ./Src/GC9A01.o
 .text.GC9A01_set_reset
                0x0000000008000968       0x34 ./Src/GC9A01.o
                0x0000000008000968                GC9A01_set_reset
 .text.GC9A01_set_data_command
                0x000000000800099c       0x34 ./Src/GC9A01.o
                0x000000000800099c                GC9A01_set_data_command
 .text.GC9A01_set_chip_select
                0x00000000080009d0       0x34 ./Src/GC9A01.o
                0x00000000080009d0                GC9A01_set_chip_select
 .text.GC9A01_write_command
                0x0000000008000a04       0x2e ./Src/GC9A01.o
                0x0000000008000a04                GC9A01_write_command
 .text.GC9A01_write_data
                0x0000000008000a32       0x2c ./Src/GC9A01.o
                0x0000000008000a32                GC9A01_write_data
 .text.GC9A01_write_byte
                0x0000000008000a5e       0x1c ./Src/GC9A01.o
 .text.GC9A01_write
                0x0000000008000a7a       0x20 ./Src/GC9A01.o
                0x0000000008000a7a                GC9A01_write
 .text.GC9A01_write_continue
                0x0000000008000a9a       0x20 ./Src/GC9A01.o
                0x0000000008000a9a                GC9A01_write_continue
 .text.GC9A01_init
                0x0000000008000aba      0x488 ./Src/GC9A01.o
                0x0000000008000aba                GC9A01_init
 *fill*         0x0000000008000f42        0x2 
 .text.GPIO_Configure
                0x0000000008000f44       0x94 ./Src/main.o
 .text.main     0x0000000008000fd8      0x354 ./Src/main.o
                0x0000000008000fd8                main
 .text.FPU_Enable
                0x000000000800132c       0x54 ./Src/trident_fpu_f4.o
                0x000000000800132c                FPU_Enable
 .text.GPIO_Clock_Init
                0x0000000008001380       0x74 ./Src/trident_gpio_f4.o
                0x0000000008001380                GPIO_Clock_Init
 .text.GPIO_PinConfig
                0x00000000080013f4      0x11c ./Src/trident_gpio_f4.o
                0x00000000080013f4                GPIO_PinConfig
 .text.GPIO_SetOutputType
                0x0000000008001510       0x52 ./Src/trident_gpio_f4.o
                0x0000000008001510                GPIO_SetOutputType
 *fill*         0x0000000008001562        0x2 
 .text.GPIO_SetOutputSpeed
                0x0000000008001564       0xf0 ./Src/trident_gpio_f4.o
                0x0000000008001564                GPIO_SetOutputSpeed
 .text.GPIO_WritePin
                0x0000000008001654       0x4a ./Src/trident_gpio_f4.o
                0x0000000008001654                GPIO_WritePin
 *fill*         0x000000000800169e        0x2 
 .text.spi1_gpio_init
                0x00000000080016a0       0xec ./Src/trident_spi_f4.o
                0x00000000080016a0                spi1_gpio_init
 .text.SPI_Init
                0x000000000800178c       0xc8 ./Src/trident_spi_f4.o
                0x000000000800178c                SPI_Init
 .text.SPI_Transmit
                0x0000000008001854       0x84 ./Src/trident_spi_f4.o
                0x0000000008001854                SPI_Transmit
 .text.SPI_Enable
                0x00000000080018d8       0x26 ./Src/trident_spi_f4.o
                0x00000000080018d8                SPI_Enable
 *fill*         0x00000000080018fe        0x2 
 .text.tick_increment
                0x0000000008001900       0x1c ./Src/trident_timebase.o
 .text.Time_Delay_Ms
                0x000000000800191c       0x3c ./Src/trident_timebase.o
                0x000000000800191c                Time_Delay_Ms
 .text.Time_Get_Tick
                0x0000000008001958       0x2c ./Src/trident_timebase.o
                0x0000000008001958                Time_Get_Tick
 .text.Time_Timebase_Init
                0x0000000008001984      0x120 ./Src/trident_timebase.o
                0x0000000008001984                Time_Timebase_Init
 .text.SysTick_Handler
                0x0000000008001aa4        0xc ./Src/trident_timebase.o
                0x0000000008001aa4                SysTick_Handler
 .text.SystemCoreClockUpdate
                0x0000000008001ab0      0x100 ./Src/trident_timebase.o
                0x0000000008001ab0                SystemCoreClockUpdate
 .text.Reset_Handler
                0x0000000008001bb0       0x50 ./Startup/startup_stm32f401ccux.o
                0x0000000008001bb0                Reset_Handler
 .text.Default_Handler
                0x0000000008001c00        0x2 ./Startup/startup_stm32f401ccux.o
                0x0000000008001c00                EXTI2_IRQHandler
                0x0000000008001c00                DebugMon_Handler
                0x0000000008001c00                SPI4_IRQHandler
                0x0000000008001c00                TIM1_CC_IRQHandler
                0x0000000008001c00                DMA2_Stream5_IRQHandler
                0x0000000008001c00                HardFault_Handler
                0x0000000008001c00                DMA1_Stream5_IRQHandler
                0x0000000008001c00                SDIO_IRQHandler
                0x0000000008001c00                TAMP_STAMP_IRQHandler
                0x0000000008001c00                PendSV_Handler
                0x0000000008001c00                NMI_Handler
                0x0000000008001c00                EXTI3_IRQHandler
                0x0000000008001c00                TIM1_UP_TIM10_IRQHandler
                0x0000000008001c00                I2C3_ER_IRQHandler
                0x0000000008001c00                EXTI18_OTG_FS_WKUP_IRQHandler
                0x0000000008001c00                EXTI0_IRQHandler
                0x0000000008001c00                I2C2_EV_IRQHandler
                0x0000000008001c00                DMA1_Stream2_IRQHandler
                0x0000000008001c00                UsageFault_Handler
                0x0000000008001c00                DMA2_Stream2_IRQHandler
                0x0000000008001c00                SPI1_IRQHandler
                0x0000000008001c00                TIM1_BRK_TIM9_IRQHandler
                0x0000000008001c00                DMA2_Stream3_IRQHandler
                0x0000000008001c00                USART6_IRQHandler
                0x0000000008001c00                DMA2_Stream0_IRQHandler
                0x0000000008001c00                TIM4_IRQHandler
                0x0000000008001c00                I2C1_EV_IRQHandler
                0x0000000008001c00                DMA1_Stream6_IRQHandler
                0x0000000008001c00                DMA1_Stream1_IRQHandler
                0x0000000008001c00                TIM3_IRQHandler
                0x0000000008001c00                RCC_IRQHandler
                0x0000000008001c00                Default_Handler
                0x0000000008001c00                EXTI15_10_IRQHandler
                0x0000000008001c00                ADC_IRQHandler
                0x0000000008001c00                DMA1_Stream7_IRQHandler
                0x0000000008001c00                TIM5_IRQHandler
                0x0000000008001c00                DMA2_Stream7_IRQHandler
                0x0000000008001c00                I2C3_EV_IRQHandler
                0x0000000008001c00                EXTI9_5_IRQHandler
                0x0000000008001c00                SPI2_IRQHandler
                0x0000000008001c00                MemManage_Handler
                0x0000000008001c00                DMA1_Stream0_IRQHandler
                0x0000000008001c00                SVC_Handler
                0x0000000008001c00                EXTI4_IRQHandler
                0x0000000008001c00                EXTI22_RTC_WKUP_IRQHandler
                0x0000000008001c00                TIM2_IRQHandler
                0x0000000008001c00                EXTI16_PVD_IRQHandler
                0x0000000008001c00                TIM1_TRG_COM_TIM11_IRQHandler
                0x0000000008001c00                EXTI1_IRQHandler
                0x0000000008001c00                EXTI17_RTC_Alarm_IRQHandler
                0x0000000008001c00                USART2_IRQHandler
                0x0000000008001c00                I2C2_ER_IRQHandler
                0x0000000008001c00                DMA2_Stream1_IRQHandler
                0x0000000008001c00                FLASH_IRQHandler
                0x0000000008001c00                DMA2_Stream4_IRQHandler
                0x0000000008001c00                BusFault_Handler
                0x0000000008001c00                USART1_IRQHandler
                0x0000000008001c00                OTG_FS_IRQHandler
                0x0000000008001c00                SPI3_IRQHandler
                0x0000000008001c00                DMA1_Stream4_IRQHandler
                0x0000000008001c00                I2C1_ER_IRQHandler
                0x0000000008001c00                DMA2_Stream6_IRQHandler
                0x0000000008001c00                DMA1_Stream3_IRQHandler
 *fill*         0x0000000008001c02        0x2 
 .text.__libc_init_array
                0x0000000008001c04       0x48 C:/ST/STM32CubeIDE_1.14.0/STM32CubeIDE/plugins/com.st.stm32cube.ide.mcu.externaltools.gnu-tools-for-stm32.11.3.rel1.win32_1.1.100.202309141235/tools/bin/../lib/gcc/arm-none-eabi/11.3.1/../../../../arm-none-eabi/lib/thumb/v7e-m+fp/hard\libc_nano.a(libc_a-init.o)
                0x0000000008001c04                __libc_init_array
 *fill*         0x0000000008001c4c        0x4 
 .text.sin      0x0000000008001c50       0xb0 C:/ST/STM32CubeIDE_1.14.0/STM32CubeIDE/plugins/com.st.stm32cube.ide.mcu.externaltools.gnu-tools-for-stm32.11.3.rel1.win32_1.1.100.202309141235/tools/bin/../lib/gcc/arm-none-eabi/11.3.1/../../../../arm-none-eabi/lib/thumb/v7e-m+fp/hard\libm.a(libm_a-s_sin.o)
                0x0000000008001c50                sin
 .text.__kernel_cos
                0x0000000008001d00      0x18c C:/ST/STM32CubeIDE_1.14.0/STM32CubeIDE/plugins/com.st.stm32cube.ide.mcu.externaltools.gnu-tools-for-stm32.11.3.rel1.win32_1.1.100.202309141235/tools/bin/../lib/gcc/arm-none-eabi/11.3.1/../../../../arm-none-eabi/lib/thumb/v7e-m+fp/hard\libm.a(libm_a-k_cos.o)
                0x0000000008001d00                __kernel_cos
 *fill*         0x0000000008001e8c        0x4 
 .text.__kernel_sin
                0x0000000008001e90      0x17c C:/ST/STM32CubeIDE_1.14.0/STM32CubeIDE/plugins/com.st.stm32cube.ide.mcu.externaltools.gnu-tools-for-stm32.11.3.rel1.win32_1.1.100.202309141235/tools/bin/../lib/gcc/arm-none-eabi/11.3.1/../../../../arm-none-eabi/lib/thumb/v7e-m+fp/hard\libm.a(libm_a-k_sin.o)
                0x0000000008001e90                __kernel_sin
 *fill*         0x000000000800200c        0x4 
 .text.__ieee754_rem_pio2
                0x0000000008002010      0x40c C:/ST/STM32CubeIDE_1.14.0/STM32CubeIDE/plugins/com.st.stm32cube.ide.mcu.externaltools.gnu-tools-for-stm32.11.3.rel1.win32_1.1.100.202309141235/tools/bin/../lib/gcc/arm-none-eabi/11.3.1/../../../../arm-none-eabi/lib/thumb/v7e-m+fp/hard\libm.a(libm_a-e_rem_pio2.o)
                0x0000000008002010                __ieee754_rem_pio2
 .text.fabs     0x000000000800241c       0x12 C:/ST/STM32CubeIDE_1.14.0/STM32CubeIDE/plugins/com.st.stm32cube.ide.mcu.externaltools.gnu-tools-for-stm32.11.3.rel1.win32_1.1.100.202309141235/tools/bin/../lib/gcc/arm-none-eabi/11.3.1/../../../../arm-none-eabi/lib/thumb/v7e-m+fp/hard\libm.a(libm_a-s_fabs.o)
                0x000000000800241c                fabs
 *fill*         0x000000000800242e        0x2 
 .text.__kernel_rem_pio2
                0x0000000008002430      0x69c C:/ST/STM32CubeIDE_1.14.0/STM32CubeIDE/plugins/com.st.stm32cube.ide.mcu.externaltools.gnu-tools-for-stm32.11.3.rel1.win32_1.1.100.202309141235/tools/bin/../lib/gcc/arm-none-eabi/11.3.1/../../../../arm-none-eabi/lib/thumb/v7e-m+fp/hard\libm.a(libm_a-k_rem_pio2.o)
                0x0000000008002430                __kernel_rem_pio2
 *fill*         0x0000000008002acc        0x4 
 .text.scalbn   0x0000000008002ad0       0xfc C:/ST/STM32CubeIDE_1.14.0/STM32CubeIDE/plugins/com.st.stm32cube.ide.mcu.externaltools.gnu-tools-for-stm32.11.3.rel1.win32_1.1.100.202309141235/tools/bin/../lib/gcc/arm-none-eabi/11.3.1/../../../../arm-none-eabi/lib/thumb/v7e-m+fp/hard\libm.a(libm_a-s_scalbn.o)
                0x0000000008002ad0                scalbn
 *fill*         0x0000000008002bcc        0x4 
 .text.floor    0x0000000008002bd0      0x100 C:/ST/STM32CubeIDE_1.14.0/STM32CubeIDE/plugins/com.st.stm32cube.ide.mcu.externaltools.gnu-tools-for-stm32.11.3.rel1.win32_1.1.100.202309141235/tools/bin/../lib/gcc/arm-none-eabi/11.3.1/../../../../arm-none-eabi/lib/thumb/v7e-m+fp/hard\libm.a(libm_a-s_floor.o)
                0x0000000008002bd0                floor
 *(.glue_7)
 .glue_7        0x0000000008002cd0        0x0 linker stubs
 *(.glue_7t)
 .glue_7t       0x0000000008002cd0        0x0 linker stubs
 *(.eh_frame)
 .eh_frame      0x0000000008002cd0        0x0 C:/ST/STM32CubeIDE_1.14.0/STM32CubeIDE/plugins/com.st.stm32cube.ide.mcu.externaltools.gnu-tools-for-stm32.11.3.rel1.win32_1.1.100.202309141235/tools/bin/../lib/gcc/arm-none-eabi/11.3.1/thumb/v7e-m+fp/hard/crtbegin.o
 *(.init)
 .init          0x0000000008002cd0        0x4 C:/ST/STM32CubeIDE_1.14.0/STM32CubeIDE/plugins/com.st.stm32cube.ide.mcu.externaltools.gnu-tools-for-stm32.11.3.rel1.win32_1.1.100.202309141235/tools/bin/../lib/gcc/arm-none-eabi/11.3.1/thumb/v7e-m+fp/hard/crti.o
                0x0000000008002cd0                _init
 .init          0x0000000008002cd4        0x8 C:/ST/STM32CubeIDE_1.14.0/STM32CubeIDE/plugins/com.st.stm32cube.ide.mcu.externaltools.gnu-tools-for-stm32.11.3.rel1.win32_1.1.100.202309141235/tools/bin/../lib/gcc/arm-none-eabi/11.3.1/thumb/v7e-m+fp/hard/crtn.o
 *(.fini)
 .fini          0x0000000008002cdc        0x4 C:/ST/STM32CubeIDE_1.14.0/STM32CubeIDE/plugins/com.st.stm32cube.ide.mcu.externaltools.gnu-tools-for-stm32.11.3.rel1.win32_1.1.100.202309141235/tools/bin/../lib/gcc/arm-none-eabi/11.3.1/thumb/v7e-m+fp/hard/crti.o
                0x0000000008002cdc                _fini
 .fini          0x0000000008002ce0        0x8 C:/ST/STM32CubeIDE_1.14.0/STM32CubeIDE/plugins/com.st.stm32cube.ide.mcu.externaltools.gnu-tools-for-stm32.11.3.rel1.win32_1.1.100.202309141235/tools/bin/../lib/gcc/arm-none-eabi/11.3.1/thumb/v7e-m+fp/hard/crtn.o
                0x0000000008002ce8                . = ALIGN (0x4)
                0x0000000008002ce8                _etext = .

.vfp11_veneer   0x0000000008002ce8        0x0
 .vfp11_veneer  0x0000000008002ce8        0x0 linker stubs

.v4_bx          0x0000000008002ce8        0x0
 .v4_bx         0x0000000008002ce8        0x0 linker stubs

.iplt           0x0000000008002ce8        0x0
 .iplt          0x0000000008002ce8        0x0 C:/ST/STM32CubeIDE_1.14.0/STM32CubeIDE/plugins/com.st.stm32cube.ide.mcu.externaltools.gnu-tools-for-stm32.11.3.rel1.win32_1.1.100.202309141235/tools/bin/../lib/gcc/arm-none-eabi/11.3.1/thumb/v7e-m+fp/hard/crtbegin.o

.rodata         0x0000000008002ce8      0x1e8
                0x0000000008002ce8                . = ALIGN (0x4)
 *(.rodata)
 *(.rodata*)
 .rodata.AHBPrescTable
                0x0000000008002ce8       0x10 ./Src/trident_timebase.o
                0x0000000008002ce8                AHBPrescTable
 .rodata.npio2_hw
                0x0000000008002cf8       0x80 C:/ST/STM32CubeIDE_1.14.0/STM32CubeIDE/plugins/com.st.stm32cube.ide.mcu.externaltools.gnu-tools-for-stm32.11.3.rel1.win32_1.1.100.202309141235/tools/bin/../lib/gcc/arm-none-eabi/11.3.1/../../../../arm-none-eabi/lib/thumb/v7e-m+fp/hard\libm.a(libm_a-e_rem_pio2.o)
 .rodata.two_over_pi
                0x0000000008002d78      0x108 C:/ST/STM32CubeIDE_1.14.0/STM32CubeIDE/plugins/com.st.stm32cube.ide.mcu.externaltools.gnu-tools-for-stm32.11.3.rel1.win32_1.1.100.202309141235/tools/bin/../lib/gcc/arm-none-eabi/11.3.1/../../../../arm-none-eabi/lib/thumb/v7e-m+fp/hard\libm.a(libm_a-e_rem_pio2.o)
 .rodata.PIo2   0x0000000008002e80       0x40 C:/ST/STM32CubeIDE_1.14.0/STM32CubeIDE/plugins/com.st.stm32cube.ide.mcu.externaltools.gnu-tools-for-stm32.11.3.rel1.win32_1.1.100.202309141235/tools/bin/../lib/gcc/arm-none-eabi/11.3.1/../../../../arm-none-eabi/lib/thumb/v7e-m+fp/hard\libm.a(libm_a-k_rem_pio2.o)
 .rodata.init_jk
                0x0000000008002ec0       0x10 C:/ST/STM32CubeIDE_1.14.0/STM32CubeIDE/plugins/com.st.stm32cube.ide.mcu.externaltools.gnu-tools-for-stm32.11.3.rel1.win32_1.1.100.202309141235/tools/bin/../lib/gcc/arm-none-eabi/11.3.1/../../../../arm-none-eabi/lib/thumb/v7e-m+fp/hard\libm.a(libm_a-k_rem_pio2.o)
                0x0000000008002ed0                . = ALIGN (0x4)

.rel.dyn        0x0000000008002ed0        0x0
 .rel.iplt      0x0000000008002ed0        0x0 C:/ST/STM32CubeIDE_1.14.0/STM32CubeIDE/plugins/com.st.stm32cube.ide.mcu.externaltools.gnu-tools-for-stm32.11.3.rel1.win32_1.1.100.202309141235/tools/bin/../lib/gcc/arm-none-eabi/11.3.1/thumb/v7e-m+fp/hard/crtbegin.o

.ARM.extab      0x0000000008002ed0        0x0
                0x0000000008002ed0                . = ALIGN (0x4)
 *(.ARM.extab* .gnu.linkonce.armextab.*)
                0x0000000008002ed0                . = ALIGN (0x4)

.ARM            0x0000000008002ed0        0x0
                0x0000000008002ed0                . = ALIGN (0x4)
                0x0000000008002ed0                __exidx_start = .
 *(.ARM.exidx*)
                0x0000000008002ed0                __exidx_end = .
                0x0000000008002ed0                . = ALIGN (0x4)

.preinit_array  0x0000000008002ed0        0x0
                0x0000000008002ed0                . = ALIGN (0x4)
                0x0000000008002ed0                PROVIDE (__preinit_array_start = .)
 *(.preinit_array*)
                0x0000000008002ed0                PROVIDE (__preinit_array_end = .)
                0x0000000008002ed0                . = ALIGN (0x4)

.init_array     0x0000000008002ed0        0x4
                0x0000000008002ed0                . = ALIGN (0x4)
                0x0000000008002ed0                PROVIDE (__init_array_start = .)
 *(SORT_BY_NAME(.init_array.*))
 *(.init_array*)
 .init_array    0x0000000008002ed0        0x4 C:/ST/STM32CubeIDE_1.14.0/STM32CubeIDE/plugins/com.st.stm32cube.ide.mcu.externaltools.gnu-tools-for-stm32.11.3.rel1.win32_1.1.100.202309141235/tools/bin/../lib/gcc/arm-none-eabi/11.3.1/thumb/v7e-m+fp/hard/crtbegin.o
                0x0000000008002ed4                PROVIDE (__init_array_end = .)
                0x0000000008002ed4                . = ALIGN (0x4)

.fini_array     0x0000000008002ed4        0x4
                0x0000000008002ed4                . = ALIGN (0x4)
                [!provide]                        PROVIDE (__fini_array_start = .)
 *(SORT_BY_NAME(.fini_array.*))
 *(.fini_array*)
 .fini_array    0x0000000008002ed4        0x4 C:/ST/STM32CubeIDE_1.14.0/STM32CubeIDE/plugins/com.st.stm32cube.ide.mcu.externaltools.gnu-tools-for-stm32.11.3.rel1.win32_1.1.100.202309141235/tools/bin/../lib/gcc/arm-none-eabi/11.3.1/thumb/v7e-m+fp/hard/crtbegin.o
                [!provide]                        PROVIDE (__fini_array_end = .)
                0x0000000008002ed8                . = ALIGN (0x4)
                0x0000000008002ed8                _sidata = LOADADDR (.data)

.data           0x0000000020000000       0x4c load address 0x0000000008002ed8
                0x0000000020000000                . = ALIGN (0x4)
                0x0000000020000000                _sdata = .
 *(.data)
 *(.data*)
 .data.HSPI1    0x0000000020000000       0x44 ./Src/trident_spi_f4.o
                0x0000000020000000                HSPI1
 .data.SystemCoreClock
                0x0000000020000044        0x4 ./Src/trident_timebase.o
                0x0000000020000044                SystemCoreClock
 .data.pll_m    0x0000000020000048        0x1 ./Src/trident_timebase.o
                0x0000000020000048                pll_m
 .data.pll_n    0x0000000020000049        0x1 ./Src/trident_timebase.o
                0x0000000020000049                pll_n
 .data.pll_q    0x000000002000004a        0x1 ./Src/trident_timebase.o
                0x000000002000004a                pll_q
 *(.RamFunc)
 *(.RamFunc*)
                0x000000002000004c                . = ALIGN (0x4)
 *fill*         0x000000002000004b        0x1 
                0x000000002000004c                _edata = .

.igot.plt       0x000000002000004c        0x0 load address 0x0000000008002f24
 .igot.plt      0x000000002000004c        0x0 C:/ST/STM32CubeIDE_1.14.0/STM32CubeIDE/plugins/com.st.stm32cube.ide.mcu.externaltools.gnu-tools-for-stm32.11.3.rel1.win32_1.1.100.202309141235/tools/bin/../lib/gcc/arm-none-eabi/11.3.1/thumb/v7e-m+fp/hard/crtbegin.o
                0x000000002000004c                . = ALIGN (0x4)

.bss            0x000000002000004c       0x28 load address 0x0000000008002f24
                0x000000002000004c                _sbss = .
                0x000000002000004c                __bss_start__ = _sbss
 *(.bss)
 .bss           0x000000002000004c       0x1c C:/ST/STM32CubeIDE_1.14.0/STM32CubeIDE/plugins/com.st.stm32cube.ide.mcu.externaltools.gnu-tools-for-stm32.11.3.rel1.win32_1.1.100.202309141235/tools/bin/../lib/gcc/arm-none-eabi/11.3.1/thumb/v7e-m+fp/hard/crtbegin.o
 *(.bss*)
 .bss.g_curr_tick
                0x0000000020000068        0x4 ./Src/trident_timebase.o
                0x0000000020000068                g_curr_tick
 .bss.g_curr_tick_p
                0x000000002000006c        0x4 ./Src/trident_timebase.o
                0x000000002000006c                g_curr_tick_p
 .bss.pll_p     0x0000000020000070        0x1 ./Src/trident_timebase.o
                0x0000000020000070                pll_p
 *(COMMON)
                0x0000000020000074                . = ALIGN (0x4)
 *fill*         0x0000000020000071        0x3 
                0x0000000020000074                _ebss = .
                0x0000000020000074                __bss_end__ = _ebss

._user_heap_stack
                0x0000000020000074      0x604 load address 0x0000000008002f24
                0x0000000020000078                . = ALIGN (0x8)
 *fill*         0x0000000020000074        0x4 
                [!provide]                        PROVIDE (end = .)
                0x0000000020000078                PROVIDE (_end = .)
                0x0000000020000278                . = (. + _Min_Heap_Size)
 *fill*         0x0000000020000078      0x200 
                0x0000000020000678                . = (. + _Min_Stack_Size)
 *fill*         0x0000000020000278      0x400 
                0x0000000020000678                . = ALIGN (0x8)

/DISCARD/
 libc.a(*)
 libm.a(*)
 libgcc.a(*)

.ARM.attributes
                0x0000000000000000       0x30
 *(.ARM.attributes)
 .ARM.attributes
                0x0000000000000000       0x1e C:/ST/STM32CubeIDE_1.14.0/STM32CubeIDE/plugins/com.st.stm32cube.ide.mcu.externaltools.gnu-tools-for-stm32.11.3.rel1.win32_1.1.100.202309141235/tools/bin/../lib/gcc/arm-none-eabi/11.3.1/thumb/v7e-m+fp/hard/crti.o
 .ARM.attributes
                0x000000000000001e       0x34 C:/ST/STM32CubeIDE_1.14.0/STM32CubeIDE/plugins/com.st.stm32cube.ide.mcu.externaltools.gnu-tools-for-stm32.11.3.rel1.win32_1.1.100.202309141235/tools/bin/../lib/gcc/arm-none-eabi/11.3.1/thumb/v7e-m+fp/hard/crtbegin.o
 .ARM.attributes
                0x0000000000000052       0x34 ./Src/GC9A01.o
 .ARM.attributes
                0x0000000000000086       0x34 ./Src/main.o
 .ARM.attributes
                0x00000000000000ba       0x34 ./Src/trident_fpu_f4.o
 .ARM.attributes
                0x00000000000000ee       0x34 ./Src/trident_gpio_f4.o
 .ARM.attributes
                0x0000000000000122       0x34 ./Src/trident_spi_f4.o
 .ARM.attributes
                0x0000000000000156       0x34 ./Src/trident_timebase.o
 .ARM.attributes
                0x000000000000018a       0x21 ./Startup/startup_stm32f401ccux.o
 .ARM.attributes
                0x00000000000001ab       0x34 C:/ST/STM32CubeIDE_1.14.0/STM32CubeIDE/plugins/com.st.stm32cube.ide.mcu.externaltools.gnu-tools-for-stm32.11.3.rel1.win32_1.1.100.202309141235/tools/bin/../lib/gcc/arm-none-eabi/11.3.1/../../../../arm-none-eabi/lib/thumb/v7e-m+fp/hard\libc_nano.a(libc_a-init.o)
 .ARM.attributes
                0x00000000000001df       0x34 C:/ST/STM32CubeIDE_1.14.0/STM32CubeIDE/plugins/com.st.stm32cube.ide.mcu.externaltools.gnu-tools-for-stm32.11.3.rel1.win32_1.1.100.202309141235/tools/bin/../lib/gcc/arm-none-eabi/11.3.1/../../../../arm-none-eabi/lib/thumb/v7e-m+fp/hard\libm.a(libm_a-s_sin.o)
 .ARM.attributes
                0x0000000000000213       0x34 C:/ST/STM32CubeIDE_1.14.0/STM32CubeIDE/plugins/com.st.stm32cube.ide.mcu.externaltools.gnu-tools-for-stm32.11.3.rel1.win32_1.1.100.202309141235/tools/bin/../lib/gcc/arm-none-eabi/11.3.1/../../../../arm-none-eabi/lib/thumb/v7e-m+fp/hard\libm.a(libm_a-k_cos.o)
 .ARM.attributes
                0x0000000000000247       0x34 C:/ST/STM32CubeIDE_1.14.0/STM32CubeIDE/plugins/com.st.stm32cube.ide.mcu.externaltools.gnu-tools-for-stm32.11.3.rel1.win32_1.1.100.202309141235/tools/bin/../lib/gcc/arm-none-eabi/11.3.1/../../../../arm-none-eabi/lib/thumb/v7e-m+fp/hard\libm.a(libm_a-k_sin.o)
 .ARM.attributes
                0x000000000000027b       0x34 C:/ST/STM32CubeIDE_1.14.0/STM32CubeIDE/plugins/com.st.stm32cube.ide.mcu.externaltools.gnu-tools-for-stm32.11.3.rel1.win32_1.1.100.202309141235/tools/bin/../lib/gcc/arm-none-eabi/11.3.1/../../../../arm-none-eabi/lib/thumb/v7e-m+fp/hard\libm.a(libm_a-e_rem_pio2.o)
 .ARM.attributes
                0x00000000000002af       0x34 C:/ST/STM32CubeIDE_1.14.0/STM32CubeIDE/plugins/com.st.stm32cube.ide.mcu.externaltools.gnu-tools-for-stm32.11.3.rel1.win32_1.1.100.202309141235/tools/bin/../lib/gcc/arm-none-eabi/11.3.1/../../../../arm-none-eabi/lib/thumb/v7e-m+fp/hard\libm.a(libm_a-s_fabs.o)
 .ARM.attributes
                0x00000000000002e3       0x34 C:/ST/STM32CubeIDE_1.14.0/STM32CubeIDE/plugins/com.st.stm32cube.ide.mcu.externaltools.gnu-tools-for-stm32.11.3.rel1.win32_1.1.100.202309141235/tools/bin/../lib/gcc/arm-none-eabi/11.3.1/../../../../arm-none-eabi/lib/thumb/v7e-m+fp/hard\libm.a(libm_a-k_rem_pio2.o)
 .ARM.attributes
                0x0000000000000317       0x34 C:/ST/STM32CubeIDE_1.14.0/STM32CubeIDE/plugins/com.st.stm32cube.ide.mcu.externaltools.gnu-tools-for-stm32.11.3.rel1.win32_1.1.100.202309141235/tools/bin/../lib/gcc/arm-none-eabi/11.3.1/../../../../arm-none-eabi/lib/thumb/v7e-m+fp/hard\libm.a(libm_a-s_scalbn.o)
 .ARM.attributes
                0x000000000000034b       0x34 C:/ST/STM32CubeIDE_1.14.0/STM32CubeIDE/plugins/com.st.stm32cube.ide.mcu.externaltools.gnu-tools-for-stm32.11.3.rel1.win32_1.1.100.202309141235/tools/bin/../lib/gcc/arm-none-eabi/11.3.1/../../../../arm-none-eabi/lib/thumb/v7e-m+fp/hard\libm.a(libm_a-s_floor.o)
 .ARM.attributes
                0x000000000000037f       0x1e C:/ST/STM32CubeIDE_1.14.0/STM32CubeIDE/plugins/com.st.stm32cube.ide.mcu.externaltools.gnu-tools-for-stm32.11.3.rel1.win32_1.1.100.202309141235/tools/bin/../lib/gcc/arm-none-eabi/11.3.1/thumb/v7e-m+fp/hard\libgcc.a(_arm_muldf3.o)
 .ARM.attributes
                0x000000000000039d       0x1e C:/ST/STM32CubeIDE_1.14.0/STM32CubeIDE/plugins/com.st.stm32cube.ide.mcu.externaltools.gnu-tools-for-stm32.11.3.rel1.win32_1.1.100.202309141235/tools/bin/../lib/gcc/arm-none-eabi/11.3.1/thumb/v7e-m+fp/hard\libgcc.a(_arm_addsubdf3.o)
 .ARM.attributes
                0x00000000000003bb       0x1e C:/ST/STM32CubeIDE_1.14.0/STM32CubeIDE/plugins/com.st.stm32cube.ide.mcu.externaltools.gnu-tools-for-stm32.11.3.rel1.win32_1.1.100.202309141235/tools/bin/../lib/gcc/arm-none-eabi/11.3.1/thumb/v7e-m+fp/hard\libgcc.a(_arm_cmpdf2.o)
 .ARM.attributes
                0x00000000000003d9       0x1e C:/ST/STM32CubeIDE_1.14.0/STM32CubeIDE/plugins/com.st.stm32cube.ide.mcu.externaltools.gnu-tools-for-stm32.11.3.rel1.win32_1.1.100.202309141235/tools/bin/../lib/gcc/arm-none-eabi/11.3.1/thumb/v7e-m+fp/hard\libgcc.a(_arm_fixdfsi.o)
 .ARM.attributes
                0x00000000000003f7       0x1e C:/ST/STM32CubeIDE_1.14.0/STM32CubeIDE/plugins/com.st.stm32cube.ide.mcu.externaltools.gnu-tools-for-stm32.11.3.rel1.win32_1.1.100.202309141235/tools/bin/../lib/gcc/arm-none-eabi/11.3.1/thumb/v7e-m+fp/hard\libgcc.a(_arm_fixunsdfsi.o)
 .ARM.attributes
                0x0000000000000415       0x1e C:/ST/STM32CubeIDE_1.14.0/STM32CubeIDE/plugins/com.st.stm32cube.ide.mcu.externaltools.gnu-tools-for-stm32.11.3.rel1.win32_1.1.100.202309141235/tools/bin/../lib/gcc/arm-none-eabi/11.3.1/thumb/v7e-m+fp/hard/crtn.o
OUTPUT(GC9A01_Display.elf elf32-littlearm)
LOAD linker stubs
LOAD C:/ST/STM32CubeIDE_1.14.0/STM32CubeIDE/plugins/com.st.stm32cube.ide.mcu.externaltools.gnu-tools-for-stm32.11.3.rel1.win32_1.1.100.202309141235/tools/bin/../lib/gcc/arm-none-eabi/11.3.1/../../../../arm-none-eabi/lib/thumb/v7e-m+fp/hard\libc.a
LOAD C:/ST/STM32CubeIDE_1.14.0/STM32CubeIDE/plugins/com.st.stm32cube.ide.mcu.externaltools.gnu-tools-for-stm32.11.3.rel1.win32_1.1.100.202309141235/tools/bin/../lib/gcc/arm-none-eabi/11.3.1/../../../../arm-none-eabi/lib/thumb/v7e-m+fp/hard\libm.a
LOAD C:/ST/STM32CubeIDE_1.14.0/STM32CubeIDE/plugins/com.st.stm32cube.ide.mcu.externaltools.gnu-tools-for-stm32.11.3.rel1.win32_1.1.100.202309141235/tools/bin/../lib/gcc/arm-none-eabi/11.3.1/thumb/v7e-m+fp/hard\libgcc.a

.comment        0x0000000000000000       0x43
 .comment       0x0000000000000000       0x43 C:/ST/STM32CubeIDE_1.14.0/STM32CubeIDE/plugins/com.st.stm32cube.ide.mcu.externaltools.gnu-tools-for-stm32.11.3.rel1.win32_1.1.100.202309141235/tools/bin/../lib/gcc/arm-none-eabi/11.3.1/thumb/v7e-m+fp/hard/crtbegin.o
                                         0x44 (size before relaxing)
 .comment       0x0000000000000043       0x44 ./Src/GC9A01.o
 .comment       0x0000000000000043       0x44 ./Src/main.o
 .comment       0x0000000000000043       0x44 ./Src/trident_fpu_f4.o
 .comment       0x0000000000000043       0x44 ./Src/trident_gpio_f4.o
 .comment       0x0000000000000043       0x44 ./Src/trident_spi_f4.o
 .comment       0x0000000000000043       0x44 ./Src/trident_timebase.o

.debug_info     0x0000000000000000     0x2176
 .debug_info    0x0000000000000000      0x606 ./Src/GC9A01.o
 .debug_info    0x0000000000000606      0x691 ./Src/main.o
 .debug_info    0x0000000000000c97      0x249 ./Src/trident_fpu_f4.o
 .debug_info    0x0000000000000ee0      0x5c1 ./Src/trident_gpio_f4.o
 .debug_info    0x00000000000014a1      0x709 ./Src/trident_spi_f4.o
 .debug_info    0x0000000000001baa      0x5a9 ./Src/trident_timebase.o
 .debug_info    0x0000000000002153       0x23 ./Startup/startup_stm32f401ccux.o

.debug_abbrev   0x0000000000000000      0xa0b
 .debug_abbrev  0x0000000000000000      0x21a ./Src/GC9A01.o
 .debug_abbrev  0x000000000000021a      0x204 ./Src/main.o
 .debug_abbrev  0x000000000000041e       0xb8 ./Src/trident_fpu_f4.o
 .debug_abbrev  0x00000000000004d6      0x15b ./Src/trident_gpio_f4.o
 .debug_abbrev  0x0000000000000631      0x1de ./Src/trident_spi_f4.o
 .debug_abbrev  0x000000000000080f      0x1ea ./Src/trident_timebase.o
 .debug_abbrev  0x00000000000009f9       0x12 ./Startup/startup_stm32f401ccux.o

.debug_aranges  0x0000000000000000      0x1d0
 .debug_aranges
                0x0000000000000000       0x70 ./Src/GC9A01.o
 .debug_aranges
                0x0000000000000070       0x30 ./Src/main.o
 .debug_aranges
                0x00000000000000a0       0x20 ./Src/trident_fpu_f4.o
 .debug_aranges
                0x00000000000000c0       0x58 ./Src/trident_gpio_f4.o
 .debug_aranges
                0x0000000000000118       0x48 ./Src/trident_spi_f4.o
 .debug_aranges
                0x0000000000000160       0x48 ./Src/trident_timebase.o
 .debug_aranges
                0x00000000000001a8       0x28 ./Startup/startup_stm32f401ccux.o

.debug_rnglists
                0x0000000000000000      0x144
 .debug_rnglists
                0x0000000000000000       0x50 ./Src/GC9A01.o
 .debug_rnglists
                0x0000000000000050       0x21 ./Src/main.o
 .debug_rnglists
                0x0000000000000071       0x13 ./Src/trident_fpu_f4.o
 .debug_rnglists
                0x0000000000000084       0x40 ./Src/trident_gpio_f4.o
 .debug_rnglists
                0x00000000000000c4       0x34 ./Src/trident_spi_f4.o
 .debug_rnglists
                0x00000000000000f8       0x33 ./Src/trident_timebase.o
 .debug_rnglists
                0x000000000000012b       0x19 ./Startup/startup_stm32f401ccux.o

.debug_macro    0x0000000000000000     0xf529
 .debug_macro   0x0000000000000000      0x258 ./Src/GC9A01.o
 .debug_macro   0x0000000000000258      0xab4 ./Src/GC9A01.o
 .debug_macro   0x0000000000000d0c       0x22 ./Src/GC9A01.o
 .debug_macro   0x0000000000000d2e       0x8e ./Src/GC9A01.o
 .debug_macro   0x0000000000000dbc       0x51 ./Src/GC9A01.o
 .debug_macro   0x0000000000000e0d      0x103 ./Src/GC9A01.o
 .debug_macro   0x0000000000000f10       0x6a ./Src/GC9A01.o
 .debug_macro   0x0000000000000f7a      0x1df ./Src/GC9A01.o
 .debug_macro   0x0000000000001159      0x174 ./Src/GC9A01.o
 .debug_macro   0x00000000000012cd       0x28 ./Src/GC9A01.o
 .debug_macro   0x00000000000012f5       0x28 ./Src/GC9A01.o
 .debug_macro   0x000000000000131d       0x1c ./Src/GC9A01.o
 .debug_macro   0x0000000000001339       0x22 ./Src/GC9A01.o
 .debug_macro   0x000000000000135b       0xfb ./Src/GC9A01.o
 .debug_macro   0x0000000000001456     0x1011 ./Src/GC9A01.o
 .debug_macro   0x0000000000002467      0x11f ./Src/GC9A01.o
 .debug_macro   0x0000000000002586     0xb86c ./Src/GC9A01.o
 .debug_macro   0x000000000000ddf2       0x6d ./Src/GC9A01.o
 .debug_macro   0x000000000000de5f       0x10 ./Src/GC9A01.o
 .debug_macro   0x000000000000de6f       0x7d ./Src/GC9A01.o
 .debug_macro   0x000000000000deec       0x61 ./Src/GC9A01.o
 .debug_macro   0x000000000000df4d       0x2a ./Src/GC9A01.o
 .debug_macro   0x000000000000df77       0x43 ./Src/GC9A01.o
 .debug_macro   0x000000000000dfba       0x34 ./Src/GC9A01.o
 .debug_macro   0x000000000000dfee       0x16 ./Src/GC9A01.o
 .debug_macro   0x000000000000e004       0x35 ./Src/GC9A01.o
 .debug_macro   0x000000000000e039      0x369 ./Src/GC9A01.o
 .debug_macro   0x000000000000e3a2       0x10 ./Src/GC9A01.o
 .debug_macro   0x000000000000e3b2       0x16 ./Src/GC9A01.o
 .debug_macro   0x000000000000e3c8       0x43 ./Src/GC9A01.o
 .debug_macro   0x000000000000e40b       0x34 ./Src/GC9A01.o
 .debug_macro   0x000000000000e43f       0x10 ./Src/GC9A01.o
 .debug_macro   0x000000000000e44f       0x58 ./Src/GC9A01.o
 .debug_macro   0x000000000000e4a7       0x8e ./Src/GC9A01.o
 .debug_macro   0x000000000000e535       0x1c ./Src/GC9A01.o
 .debug_macro   0x000000000000e551      0x177 ./Src/GC9A01.o
 .debug_macro   0x000000000000e6c8       0x16 ./Src/GC9A01.o
 .debug_macro   0x000000000000e6de       0x16 ./Src/GC9A01.o
 .debug_macro   0x000000000000e6f4      0x147 ./Src/GC9A01.o
 .debug_macro   0x000000000000e83b       0xee ./Src/GC9A01.o
 .debug_macro   0x000000000000e929      0x219 ./Src/main.o
 .debug_macro   0x000000000000eb42      0x19b ./Src/main.o
 .debug_macro   0x000000000000ecdd       0xd8 ./Src/trident_fpu_f4.o
 .debug_macro   0x000000000000edb5      0x1be ./Src/trident_gpio_f4.o
 .debug_macro   0x000000000000ef73       0x97 ./Src/trident_gpio_f4.o
 .debug_macro   0x000000000000f00a       0xfd ./Src/trident_gpio_f4.o
 .debug_macro   0x000000000000f107      0x216 ./Src/trident_spi_f4.o
 .debug_macro   0x000000000000f31d      0x20c ./Src/trident_timebase.o

.debug_line     0x0000000000000000     0x3287
 .debug_line    0x0000000000000000      0x900 ./Src/GC9A01.o
 .debug_line    0x0000000000000900      0x8de ./Src/main.o
 .debug_line    0x00000000000011de      0x565 ./Src/trident_fpu_f4.o
 .debug_line    0x0000000000001743      0x95f ./Src/trident_gpio_f4.o
 .debug_line    0x00000000000020a2      0x8b3 ./Src/trident_spi_f4.o
 .debug_line    0x0000000000002955      0x8b7 ./Src/trident_timebase.o
 .debug_line    0x000000000000320c       0x7b ./Startup/startup_stm32f401ccux.o

.debug_str      0x0000000000000000    0x549f8
 .debug_str     0x0000000000000000    0x53a08 ./Src/GC9A01.o
                                      0x53c33 (size before relaxing)
 .debug_str     0x0000000000053a08      0xa2b ./Src/main.o
                                      0x5436d (size before relaxing)
 .debug_str     0x0000000000054433       0x76 ./Src/trident_fpu_f4.o
                                      0x4f77d (size before relaxing)
 .debug_str     0x00000000000544a9      0x1bd ./Src/trident_gpio_f4.o
                                      0x537cd (size before relaxing)
 .debug_str     0x0000000000054666       0xfb ./Src/trident_spi_f4.o
                                      0x53b71 (size before relaxing)
 .debug_str     0x0000000000054761      0x268 ./Src/trident_timebase.o
                                      0x537f8 (size before relaxing)
 .debug_str     0x00000000000549c9       0x2f ./Startup/startup_stm32f401ccux.o
                                         0x64 (size before relaxing)

.debug_frame    0x0000000000000000      0x950
 .debug_frame   0x0000000000000000      0x194 ./Src/GC9A01.o
 .debug_frame   0x0000000000000194       0x74 ./Src/main.o
 .debug_frame   0x0000000000000208       0x30 ./Src/trident_fpu_f4.o
 .debug_frame   0x0000000000000238      0x150 ./Src/trident_gpio_f4.o
 .debug_frame   0x0000000000000388       0xf0 ./Src/trident_spi_f4.o
 .debug_frame   0x0000000000000478       0xd4 ./Src/trident_timebase.o
 .debug_frame   0x000000000000054c       0x2c C:/ST/STM32CubeIDE_1.14.0/STM32CubeIDE/plugins/com.st.stm32cube.ide.mcu.externaltools.gnu-tools-for-stm32.11.3.rel1.win32_1.1.100.202309141235/tools/bin/../lib/gcc/arm-none-eabi/11.3.1/../../../../arm-none-eabi/lib/thumb/v7e-m+fp/hard\libc_nano.a(libc_a-init.o)
 .debug_frame   0x0000000000000578       0x38 C:/ST/STM32CubeIDE_1.14.0/STM32CubeIDE/plugins/com.st.stm32cube.ide.mcu.externaltools.gnu-tools-for-stm32.11.3.rel1.win32_1.1.100.202309141235/tools/bin/../lib/gcc/arm-none-eabi/11.3.1/../../../../arm-none-eabi/lib/thumb/v7e-m+fp/hard\libm.a(libm_a-s_sin.o)
 .debug_frame   0x00000000000005b0       0x3c C:/ST/STM32CubeIDE_1.14.0/STM32CubeIDE/plugins/com.st.stm32cube.ide.mcu.externaltools.gnu-tools-for-stm32.11.3.rel1.win32_1.1.100.202309141235/tools/bin/../lib/gcc/arm-none-eabi/11.3.1/../../../../arm-none-eabi/lib/thumb/v7e-m+fp/hard\libm.a(libm_a-k_cos.o)
 .debug_frame   0x00000000000005ec       0x5c C:/ST/STM32CubeIDE_1.14.0/STM32CubeIDE/plugins/com.st.stm32cube.ide.mcu.externaltools.gnu-tools-for-stm32.11.3.rel1.win32_1.1.100.202309141235/tools/bin/../lib/gcc/arm-none-eabi/11.3.1/../../../../arm-none-eabi/lib/thumb/v7e-m+fp/hard\libm.a(libm_a-k_sin.o)
 .debug_frame   0x0000000000000648       0x50 C:/ST/STM32CubeIDE_1.14.0/STM32CubeIDE/plugins/com.st.stm32cube.ide.mcu.externaltools.gnu-tools-for-stm32.11.3.rel1.win32_1.1.100.202309141235/tools/bin/../lib/gcc/arm-none-eabi/11.3.1/../../../../arm-none-eabi/lib/thumb/v7e-m+fp/hard\libm.a(libm_a-e_rem_pio2.o)
 .debug_frame   0x0000000000000698       0x20 C:/ST/STM32CubeIDE_1.14.0/STM32CubeIDE/plugins/com.st.stm32cube.ide.mcu.externaltools.gnu-tools-for-stm32.11.3.rel1.win32_1.1.100.202309141235/tools/bin/../lib/gcc/arm-none-eabi/11.3.1/../../../../arm-none-eabi/lib/thumb/v7e-m+fp/hard\libm.a(libm_a-s_fabs.o)
 .debug_frame   0x00000000000006b8       0x54 C:/ST/STM32CubeIDE_1.14.0/STM32CubeIDE/plugins/com.st.stm32cube.ide.mcu.externaltools.gnu-tools-for-stm32.11.3.rel1.win32_1.1.100.202309141235/tools/bin/../lib/gcc/arm-none-eabi/11.3.1/../../../../arm-none-eabi/lib/thumb/v7e-m+fp/hard\libm.a(libm_a-k_rem_pio2.o)
 .debug_frame   0x000000000000070c       0x2c C:/ST/STM32CubeIDE_1.14.0/STM32CubeIDE/plugins/com.st.stm32cube.ide.mcu.externaltools.gnu-tools-for-stm32.11.3.rel1.win32_1.1.100.202309141235/tools/bin/../lib/gcc/arm-none-eabi/11.3.1/../../../../arm-none-eabi/lib/thumb/v7e-m+fp/hard\libm.a(libm_a-s_scalbn.o)
 .debug_frame   0x0000000000000738       0x30 C:/ST/STM32CubeIDE_1.14.0/STM32CubeIDE/plugins/com.st.stm32cube.ide.mcu.externaltools.gnu-tools-for-stm32.11.3.rel1.win32_1.1.100.202309141235/tools/bin/../lib/gcc/arm-none-eabi/11.3.1/../../../../arm-none-eabi/lib/thumb/v7e-m+fp/hard\libm.a(libm_a-s_floor.o)
 .debug_frame   0x0000000000000768       0x30 C:/ST/STM32CubeIDE_1.14.0/STM32CubeIDE/plugins/com.st.stm32cube.ide.mcu.externaltools.gnu-tools-for-stm32.11.3.rel1.win32_1.1.100.202309141235/tools/bin/../lib/gcc/arm-none-eabi/11.3.1/thumb/v7e-m+fp/hard\libgcc.a(_arm_muldf3.o)
 .debug_frame   0x0000000000000798       0xac C:/ST/STM32CubeIDE_1.14.0/STM32CubeIDE/plugins/com.st.stm32cube.ide.mcu.externaltools.gnu-tools-for-stm32.11.3.rel1.win32_1.1.100.202309141235/tools/bin/../lib/gcc/arm-none-eabi/11.3.1/thumb/v7e-m+fp/hard\libgcc.a(_arm_addsubdf3.o)
 .debug_frame   0x0000000000000844       0xc4 C:/ST/STM32CubeIDE_1.14.0/STM32CubeIDE/plugins/com.st.stm32cube.ide.mcu.externaltools.gnu-tools-for-stm32.11.3.rel1.win32_1.1.100.202309141235/tools/bin/../lib/gcc/arm-none-eabi/11.3.1/thumb/v7e-m+fp/hard\libgcc.a(_arm_cmpdf2.o)
 .debug_frame   0x0000000000000908       0x24 C:/ST/STM32CubeIDE_1.14.0/STM32CubeIDE/plugins/com.st.stm32cube.ide.mcu.externaltools.gnu-tools-for-stm32.11.3.rel1.win32_1.1.100.202309141235/tools/bin/../lib/gcc/arm-none-eabi/11.3.1/thumb/v7e-m+fp/hard\libgcc.a(_arm_fixdfsi.o)
 .debug_frame   0x000000000000092c       0x24 C:/ST/STM32CubeIDE_1.14.0/STM32CubeIDE/plugins/com.st.stm32cube.ide.mcu.externaltools.gnu-tools-for-stm32.11.3.rel1.win32_1.1.100.202309141235/tools/bin/../lib/gcc/arm-none-eabi/11.3.1/thumb/v7e-m+fp/hard\libgcc.a(_arm_fixunsdfsi.o)

.debug_line_str
                0x0000000000000000       0x58
 .debug_line_str
                0x0000000000000000       0x58 ./Startup/startup_stm32f401ccux.o
                                         0x70 (size before relaxing)
