../Src/GC9A01.c:27:13:GC9A01_spi_tx	16	static
../Src/GC9A01.c:35:6:GC9A01_set_reset	16	static
../Src/GC9A01.c:47:6:GC9A01_set_data_command	16	static
../Src/GC9A01.c:59:6:GC9A01_set_chip_select	16	static
../Src/GC9A01.c:71:6:GC9A01_write_command	16	static
../Src/GC9A01.c:79:6:GC9A01_write_data	16	static
../Src/GC9A01.c:87:20:GC9A01_write_byte	16	static
../Src/GC9A01.c:92:6:GC9A01_write	16	static
../Src/GC9A01.c:98:6:GC9A01_write_continue	16	static
../Src/GC9A01.c:104:6:GC9A01_init	8	static
../Src/GC9A01.c:359:6:GC9A01_set_frame	24	static
